// Jest Snapshot v1, https://goo.gl/fbAQLP

exports[`GoalInput Component 1`] = `
<View
  style={
    Object {
      "alignItems": "center",
      "borderBottomColor": "black",
      "borderBottomWidth": 1,
      "flex": 1,
      "flexDirection": "row",
      "justifyContent": "center",
      "marginBottom": "5%",
      "marginLeft": "5%",
      "marginRight": "5%",
      "marginTop": "15%",
    }
  }
>
  <TextInput
    onChangeText={[Function]}
    placeholder="Enter Goal"
    placeholderTextColor="#cccccc"
    style={
      Object {
        "borderBottomColor": "#cccccc",
        "borderBottomWidth": 1,
        "color": "white",
        "flex": 1,
        "marginEnd": "10%",
        "textAlign": "center",
        "width": "60%",
      }
    }
    value=""
  />
  <View
    accessibilityRole="button"
    accessible={true}
    collapsable={false}
    focusable={true}
    onClick={[Function]}
    onResponderGrant={[Function]}
    onResponderMove={[Function]}
    onResponderRelease={[Function]}
    onResponderTerminate={[Function]}
    onResponderTerminationRequest={[Function]}
    onStartShouldSetResponder={[Function]}
    style={
      Object {
        "opacity": 1,
      }
    }
  >
    <View
      style={
        Array [
          Object {},
        ]
      }
    >
      <Text
        style={
          Array [
            Object {
              "color": "#007AFF",
              "fontSize": 18,
              "margin": 8,
              "textAlign": "center",
            },
            Object {
              "color": "#A396B0",
            },
          ]
        }
      >
        Add Goal
      </Text>
    </View>
  </View>
</View>
`;
