// Jest Snapshot v1, https://goo.gl/fbAQLP

exports[`Modal Component 1`] = `
<Modal
  animationType="slide"
  hardwareAccelerated={false}
  transparent={true}
  visible={true}
>
  <View
    style={
      Object {
        "alignItems": "center",
        "backgroundColor": "#D9C3D9",
        "borderRadius": 5,
        "flexDirection": "column",
        "height": "12%",
        "justifyContent": "center",
        "margin": "5%",
        "marginTop": "70%",
      }
    }
  >
    <View
      style={
        Object {
          "alignItems": "center",
          "borderBottomColor": "grey",
          "borderBottomWidth": 1,
          "flexDirection": "row",
          "justifyContent": "center",
          "margin": "3%",
          "width": "90%",
        }
      }
    >
      <Text
        style={
          Object {
            "color": "black",
            "fontSize": 20,
            "textAlign": "center",
          }
        }
      >
        test goal name
      </Text>
    </View>
    <View
      style={
        Object {
          "flexDirection": "row",
        }
      }
    >
      <View
        style={
          Object {
            "marginLeft": "5%",
            "marginRight": "5%",
          }
        }
      >
        <View
          accessibilityRole="button"
          accessible={true}
          collapsable={false}
          focusable={true}
          onClick={[Function]}
          onResponderGrant={[Function]}
          onResponderMove={[Function]}
          onResponderRelease={[Function]}
          onResponderTerminate={[Function]}
          onResponderTerminationRequest={[Function]}
          onStartShouldSetResponder={[Function]}
          style={
            Object {
              "opacity": 1,
            }
          }
        >
          <View
            style={
              Array [
                Object {},
              ]
            }
          >
            <Text
              style={
                Array [
                  Object {
                    "color": "#007AFF",
                    "fontSize": 18,
                    "margin": 8,
                    "textAlign": "center",
                  },
                ]
              }
            >
              Close
            </Text>
          </View>
        </View>
      </View>
      <View
        style={
          Object {
            "marginLeft": "5%",
            "marginRight": "5%",
          }
        }
      >
        <View
          accessibilityRole="button"
          accessible={true}
          collapsable={false}
          focusable={true}
          onClick={[Function]}
          onResponderGrant={[Function]}
          onResponderMove={[Function]}
          onResponderRelease={[Function]}
          onResponderTerminate={[Function]}
          onResponderTerminationRequest={[Function]}
          onStartShouldSetResponder={[Function]}
          style={
            Object {
              "opacity": 1,
            }
          }
        >
          <View
            style={
              Array [
                Object {},
              ]
            }
          >
            <Text
              style={
                Array [
                  Object {
                    "color": "#007AFF",
                    "fontSize": 18,
                    "margin": 8,
                    "textAlign": "center",
                  },
                ]
              }
            >
              Goal Completed
            </Text>
          </View>
        </View>
      </View>
    </View>
  </View>
</Modal>
`;
